Archive member included to satisfy reference by file (symbol)

c:/appz/st/stm32cubeide_1.2.0/stm32cubeide/plugins/com.st.stm32cube.ide.mcu.externaltools.gnu-tools-for-stm32.9-2020-q2-update.win32_2.0.0.202105311346/tools/bin/../lib/gcc/arm-none-eabi/9.3.1/../../../../arm-none-eabi/lib/thumb/v6-m/nofp\libc_nano.a(lib_a-errno.o)
                              ./Core/Src/syscalls.o (__errno)
c:/appz/st/stm32cubeide_1.2.0/stm32cubeide/plugins/com.st.stm32cube.ide.mcu.externaltools.gnu-tools-for-stm32.9-2020-q2-update.win32_2.0.0.202105311346/tools/bin/../lib/gcc/arm-none-eabi/9.3.1/../../../../arm-none-eabi/lib/thumb/v6-m/nofp\libc_nano.a(lib_a-exit.o)
                              c:/appz/st/stm32cubeide_1.2.0/stm32cubeide/plugins/com.st.stm32cube.ide.mcu.externaltools.gnu-tools-for-stm32.9-2020-q2-update.win32_2.0.0.202105311346/tools/bin/../lib/gcc/arm-none-eabi/9.3.1/../../../../arm-none-eabi/lib/thumb/v6-m/nofp/crt0.o (exit)
c:/appz/st/stm32cubeide_1.2.0/stm32cubeide/plugins/com.st.stm32cube.ide.mcu.externaltools.gnu-tools-for-stm32.9-2020-q2-update.win32_2.0.0.202105311346/tools/bin/../lib/gcc/arm-none-eabi/9.3.1/../../../../arm-none-eabi/lib/thumb/v6-m/nofp\libc_nano.a(lib_a-impure.o)
                              c:/appz/st/stm32cubeide_1.2.0/stm32cubeide/plugins/com.st.stm32cube.ide.mcu.externaltools.gnu-tools-for-stm32.9-2020-q2-update.win32_2.0.0.202105311346/tools/bin/../lib/gcc/arm-none-eabi/9.3.1/../../../../arm-none-eabi/lib/thumb/v6-m/nofp\libc_nano.a(lib_a-exit.o) (_global_impure_ptr)
c:/appz/st/stm32cubeide_1.2.0/stm32cubeide/plugins/com.st.stm32cube.ide.mcu.externaltools.gnu-tools-for-stm32.9-2020-q2-update.win32_2.0.0.202105311346/tools/bin/../lib/gcc/arm-none-eabi/9.3.1/../../../../arm-none-eabi/lib/thumb/v6-m/nofp\libc_nano.a(lib_a-init.o)
                              c:/appz/st/stm32cubeide_1.2.0/stm32cubeide/plugins/com.st.stm32cube.ide.mcu.externaltools.gnu-tools-for-stm32.9-2020-q2-update.win32_2.0.0.202105311346/tools/bin/../lib/gcc/arm-none-eabi/9.3.1/../../../../arm-none-eabi/lib/thumb/v6-m/nofp/crt0.o (__libc_init_array)
c:/appz/st/stm32cubeide_1.2.0/stm32cubeide/plugins/com.st.stm32cube.ide.mcu.externaltools.gnu-tools-for-stm32.9-2020-q2-update.win32_2.0.0.202105311346/tools/bin/../lib/gcc/arm-none-eabi/9.3.1/../../../../arm-none-eabi/lib/thumb/v6-m/nofp\libc_nano.a(lib_a-memset.o)
                              c:/appz/st/stm32cubeide_1.2.0/stm32cubeide/plugins/com.st.stm32cube.ide.mcu.externaltools.gnu-tools-for-stm32.9-2020-q2-update.win32_2.0.0.202105311346/tools/bin/../lib/gcc/arm-none-eabi/9.3.1/../../../../arm-none-eabi/lib/thumb/v6-m/nofp/crt0.o (memset)
c:/appz/st/stm32cubeide_1.2.0/stm32cubeide/plugins/com.st.stm32cube.ide.mcu.externaltools.gnu-tools-for-stm32.9-2020-q2-update.win32_2.0.0.202105311346/tools/bin/../lib/gcc/arm-none-eabi/9.3.1/thumb/v6-m/nofp\libgcc.a(_udivsi3.o)
                              ./Core/Src/stc.o (__aeabi_uidiv)
c:/appz/st/stm32cubeide_1.2.0/stm32cubeide/plugins/com.st.stm32cube.ide.mcu.externaltools.gnu-tools-for-stm32.9-2020-q2-update.win32_2.0.0.202105311346/tools/bin/../lib/gcc/arm-none-eabi/9.3.1/thumb/v6-m/nofp\libgcc.a(_divsi3.o)
                              ./Core/Src/main.o (__aeabi_idiv)
c:/appz/st/stm32cubeide_1.2.0/stm32cubeide/plugins/com.st.stm32cube.ide.mcu.externaltools.gnu-tools-for-stm32.9-2020-q2-update.win32_2.0.0.202105311346/tools/bin/../lib/gcc/arm-none-eabi/9.3.1/thumb/v6-m/nofp\libgcc.a(_dvmd_tls.o)
                              c:/appz/st/stm32cubeide_1.2.0/stm32cubeide/plugins/com.st.stm32cube.ide.mcu.externaltools.gnu-tools-for-stm32.9-2020-q2-update.win32_2.0.0.202105311346/tools/bin/../lib/gcc/arm-none-eabi/9.3.1/thumb/v6-m/nofp\libgcc.a(_udivsi3.o) (__aeabi_idiv0)

Allocating common symbols
Common symbol       size              file

uwTick              0x4               ./Drivers/STM32F0xx_HAL_Driver/Src/stm32f0xx_hal.o
pFlash              0x20              ./Drivers/STM32F0xx_HAL_Driver/Src/stm32f0xx_hal_flash.o
huart2              0x84              ./Core/Src/main.o
hadc                0x40              ./Core/Src/main.o

Discarded input sections

 .text          0x0000000000000000        0x0 c:/appz/st/stm32cubeide_1.2.0/stm32cubeide/plugins/com.st.stm32cube.ide.mcu.externaltools.gnu-tools-for-stm32.9-2020-q2-update.win32_2.0.0.202105311346/tools/bin/../lib/gcc/arm-none-eabi/9.3.1/thumb/v6-m/nofp/crti.o
 .data          0x0000000000000000        0x0 c:/appz/st/stm32cubeide_1.2.0/stm32cubeide/plugins/com.st.stm32cube.ide.mcu.externaltools.gnu-tools-for-stm32.9-2020-q2-update.win32_2.0.0.202105311346/tools/bin/../lib/gcc/arm-none-eabi/9.3.1/thumb/v6-m/nofp/crti.o
 .bss           0x0000000000000000        0x0 c:/appz/st/stm32cubeide_1.2.0/stm32cubeide/plugins/com.st.stm32cube.ide.mcu.externaltools.gnu-tools-for-stm32.9-2020-q2-update.win32_2.0.0.202105311346/tools/bin/../lib/gcc/arm-none-eabi/9.3.1/thumb/v6-m/nofp/crti.o
[...]
Memory Configuration

Name             Origin             Length             Attributes
RAM              0x0000000020000000 0x0000000000002000 xrw
FLASH            0x0000000008000000 0x0000000000010000 xr
*default*        0x0000000000000000 0xffffffffffffffff

Linker script and memory map

LOAD c:/appz/st/stm32cubeide_1.2.0/stm32cubeide/plugins/com.st.stm32cube.ide.mcu.externaltools.gnu-tools-for-stm32.9-2020-q2-update.win32_2.0.0.202105311346/tools/bin/../lib/gcc/arm-none-eabi/9.3.1/thumb/v6-m/nofp/crti.o
LOAD c:/appz/st/stm32cubeide_1.2.0/stm32cubeide/plugins/com.st.stm32cube.ide.mcu.externaltools.gnu-tools-for-stm32.9-2020-q2-update.win32_2.0.0.202105311346/tools/bin/../lib/gcc/arm-none-eabi/9.3.1/thumb/v6-m/nofp/crtbegin.o
LOAD c:/appz/st/stm32cubeide_1.2.0/stm32cubeide/plugins/com.st.stm32cube.ide.mcu.externaltools.gnu-tools-for-stm32.9-2020-q2-update.win32_2.0.0.202105311346/tools/bin/../lib/gcc/arm-none-eabi/9.3.1/../../../../arm-none-eabi/lib/thumb/v6-m/nofp/crt0.o
LOAD ./Core/Src/1wire.o
LOAD ./Core/Src/main.o
LOAD ./Core/Src/stc.o
LOAD ./Core/Src/stm32f0xx_hal_msp.o
LOAD ./Core/Src/stm32f0xx_it.o
LOAD ./Core/Src/syscalls.o
LOAD ./Core/Src/sysmem.o
LOAD ./Core/Src/system_stm32f0xx.o
LOAD ./Core/Startup/startup_stm32f030r8tx.o
LOAD ./Drivers/STM32F0xx_HAL_Driver/Src/stm32f0xx_hal.o
LOAD ./Drivers/STM32F0xx_HAL_Driver/Src/stm32f0xx_hal_adc.o
LOAD ./Drivers/STM32F0xx_HAL_Driver/Src/stm32f0xx_hal_adc_ex.o
LOAD ./Drivers/STM32F0xx_HAL_Driver/Src/stm32f0xx_hal_cortex.o
LOAD ./Drivers/STM32F0xx_HAL_Driver/Src/stm32f0xx_hal_dma.o
LOAD ./Drivers/STM32F0xx_HAL_Driver/Src/stm32f0xx_hal_exti.o
LOAD ./Drivers/STM32F0xx_HAL_Driver/Src/stm32f0xx_hal_flash.o
LOAD ./Drivers/STM32F0xx_HAL_Driver/Src/stm32f0xx_hal_flash_ex.o
LOAD ./Drivers/STM32F0xx_HAL_Driver/Src/stm32f0xx_hal_gpio.o
LOAD ./Drivers/STM32F0xx_HAL_Driver/Src/stm32f0xx_hal_i2c.o
LOAD ./Drivers/STM32F0xx_HAL_Driver/Src/stm32f0xx_hal_i2c_ex.o
LOAD ./Drivers/STM32F0xx_HAL_Driver/Src/stm32f0xx_hal_pwr.o
LOAD ./Drivers/STM32F0xx_HAL_Driver/Src/stm32f0xx_hal_pwr_ex.o
LOAD ./Drivers/STM32F0xx_HAL_Driver/Src/stm32f0xx_hal_rcc.o
LOAD ./Drivers/STM32F0xx_HAL_Driver/Src/stm32f0xx_hal_rcc_ex.o
LOAD ./Drivers/STM32F0xx_HAL_Driver/Src/stm32f0xx_hal_tim.o
LOAD ./Drivers/STM32F0xx_HAL_Driver/Src/stm32f0xx_hal_tim_ex.o
LOAD ./Drivers/STM32F0xx_HAL_Driver/Src/stm32f0xx_hal_uart.o
LOAD ./Drivers/STM32F0xx_HAL_Driver/Src/stm32f0xx_hal_uart_ex.o
START GROUP
LOAD c:/appz/st/stm32cubeide_1.2.0/stm32cubeide/plugins/com.st.stm32cube.ide.mcu.externaltools.gnu-tools-for-stm32.9-2020-q2-update.win32_2.0.0.202105311346/tools/bin/../lib/gcc/arm-none-eabi/9.3.1/../../../../arm-none-eabi/lib/thumb/v6-m/nofp\libc_nano.a
LOAD c:/appz/st/stm32cubeide_1.2.0/stm32cubeide/plugins/com.st.stm32cube.ide.mcu.externaltools.gnu-tools-for-stm32.9-2020-q2-update.win32_2.0.0.202105311346/tools/bin/../lib/gcc/arm-none-eabi/9.3.1/../../../../arm-none-eabi/lib/thumb/v6-m/nofp\libm.a
END GROUP
START GROUP
LOAD c:/appz/st/stm32cubeide_1.2.0/stm32cubeide/plugins/com.st.stm32cube.ide.mcu.externaltools.gnu-tools-for-stm32.9-2020-q2-update.win32_2.0.0.202105311346/tools/bin/../lib/gcc/arm-none-eabi/9.3.1/thumb/v6-m/nofp\libgcc.a
LOAD c:/appz/st/stm32cubeide_1.2.0/stm32cubeide/plugins/com.st.stm32cube.ide.mcu.externaltools.gnu-tools-for-stm32.9-2020-q2-update.win32_2.0.0.202105311346/tools/bin/../lib/gcc/arm-none-eabi/9.3.1/../../../../arm-none-eabi/lib/thumb/v6-m/nofp\libc_nano.a
END GROUP
START GROUP
LOAD c:/appz/st/stm32cubeide_1.2.0/stm32cubeide/plugins/com.st.stm32cube.ide.mcu.externaltools.gnu-tools-for-stm32.9-2020-q2-update.win32_2.0.0.202105311346/tools/bin/../lib/gcc/arm-none-eabi/9.3.1/thumb/v6-m/nofp\libgcc.a
LOAD c:/appz/st/stm32cubeide_1.2.0/stm32cubeide/plugins/com.st.stm32cube.ide.mcu.externaltools.gnu-tools-for-stm32.9-2020-q2-update.win32_2.0.0.202105311346/tools/bin/../lib/gcc/arm-none-eabi/9.3.1/../../../../arm-none-eabi/lib/thumb/v6-m/nofp\libc_nano.a
LOAD c:/appz/st/stm32cubeide_1.2.0/stm32cubeide/plugins/com.st.stm32cube.ide.mcu.externaltools.gnu-tools-for-stm32.9-2020-q2-update.win32_2.0.0.202105311346/tools/bin/../lib/gcc/arm-none-eabi/9.3.1/../../../../arm-none-eabi/lib/thumb/v6-m/nofp\libnosys.a
END GROUP
START GROUP
LOAD c:/appz/st/stm32cubeide_1.2.0/stm32cubeide/plugins/com.st.stm32cube.ide.mcu.externaltools.gnu-tools-for-stm32.9-2020-q2-update.win32_2.0.0.202105311346/tools/bin/../lib/gcc/arm-none-eabi/9.3.1/thumb/v6-m/nofp\libgcc.a
LOAD c:/appz/st/stm32cubeide_1.2.0/stm32cubeide/plugins/com.st.stm32cube.ide.mcu.externaltools.gnu-tools-for-stm32.9-2020-q2-update.win32_2.0.0.202105311346/tools/bin/../lib/gcc/arm-none-eabi/9.3.1/../../../../arm-none-eabi/lib/thumb/v6-m/nofp\libc_nano.a
LOAD c:/appz/st/stm32cubeide_1.2.0/stm32cubeide/plugins/com.st.stm32cube.ide.mcu.externaltools.gnu-tools-for-stm32.9-2020-q2-update.win32_2.0.0.202105311346/tools/bin/../lib/gcc/arm-none-eabi/9.3.1/../../../../arm-none-eabi/lib/thumb/v6-m/nofp\libnosys.a
END GROUP
LOAD c:/appz/st/stm32cubeide_1.2.0/stm32cubeide/plugins/com.st.stm32cube.ide.mcu.externaltools.gnu-tools-for-stm32.9-2020-q2-update.win32_2.0.0.202105311346/tools/bin/../lib/gcc/arm-none-eabi/9.3.1/thumb/v6-m/nofp/crtend.o
LOAD c:/appz/st/stm32cubeide_1.2.0/stm32cubeide/plugins/com.st.stm32cube.ide.mcu.externaltools.gnu-tools-for-stm32.9-2020-q2-update.win32_2.0.0.202105311346/tools/bin/../lib/gcc/arm-none-eabi/9.3.1/thumb/v6-m/nofp/crtn.o
                0x0000000020002000                _estack = (ORIGIN (RAM) + LENGTH (RAM))
                0x0000000000000200                _Min_Heap_Size = 0x200
                0x0000000000000400                _Min_Stack_Size = 0x400

.isr_vector     0x0000000008000000       0xc0
                0x0000000008000000                . = ALIGN (0x4)
 *(.isr_vector)
 .isr_vector    0x0000000008000000       0xc0 ./Core/Startup/startup_stm32f030r8tx.o
                0x0000000008000000                g_pfnVectors
                0x00000000080000c0                . = ALIGN (0x4)

.text           0x00000000080000c0     0x2d04
                0x00000000080000c0                . = ALIGN (0x4)
 *(.text)
 .text          0x00000000080000c0       0x48 c:/appz/st/stm32cubeide_1.2.0/stm32cubeide/plugins/com.st.stm32cube.ide.mcu.externaltools.gnu-tools-for-stm32.9-2020-q2-update.win32_2.0.0.202105311346/tools/bin/../lib/gcc/arm-none-eabi/9.3.1/thumb/v6-m/nofp/crtbegin.o
 .text          0x0000000008000108      0x114 c:/appz/st/stm32cubeide_1.2.0/stm32cubeide/plugins/com.st.stm32cube.ide.mcu.externaltools.gnu-tools-for-stm32.9-2020-q2-update.win32_2.0.0.202105311346/tools/bin/../lib/gcc/arm-none-eabi/9.3.1/thumb/v6-m/nofp\libgcc.a(_udivsi3.o)
                0x0000000008000108                __aeabi_uidiv
                0x0000000008000108                __udivsi3
                0x0000000008000214                __aeabi_uidivmod
 .text          0x000000000800021c      0x1d4 c:/appz/st/stm32cubeide_1.2.0/stm32cubeide/plugins/com.st.stm32cube.ide.mcu.externaltools.gnu-tools-for-stm32.9-2020-q2-update.win32_2.0.0.202105311346/tools/bin/../lib/gcc/arm-none-eabi/9.3.1/thumb/v6-m/nofp\libgcc.a(_divsi3.o)
                0x000000000800021c                __divsi3
                0x000000000800021c                __aeabi_idiv
                0x00000000080003e8                __aeabi_idivmod
 .text          0x00000000080003f0        0x4 c:/appz/st/stm32cubeide_1.2.0/stm32cubeide/plugins/com.st.stm32cube.ide.mcu.externaltools.gnu-tools-for-stm32.9-2020-q2-update.win32_2.0.0.202105311346/tools/bin/../lib/gcc/arm-none-eabi/9.3.1/thumb/v6-m/nofp\libgcc.a(_dvmd_tls.o)
                0x00000000080003f0                __aeabi_idiv0
                0x00000000080003f0                __aeabi_ldiv0
 *(.text*)
 .text.OWInit   0x00000000080003f4       0x18 ./Core/Src/1wire.o
                0x00000000080003f4                OWInit
 .text.OWReset  0x000000000800040c       0xb4 ./Core/Src/1wire.o
                0x000000000800040c                OWReset
 .text.OWWriteBit
                0x00000000080004c0       0xd4 ./Core/Src/1wire.o
                0x00000000080004c0                OWWriteBit
 .text.OWReadBit
                0x0000000008000594       0xae ./Core/Src/1wire.o
                0x0000000008000594                OWReadBit
 .text.OWWriteByte
                0x0000000008000642       0x50 ./Core/Src/1wire.o
                0x0000000008000642                OWWriteByte
 .text.OWReadByte
                0x0000000008000692       0x3e ./Core/Src/1wire.o
                0x0000000008000692                OWReadByte
 .text.OWSendCmd
                0x00000000080006d0       0x68 ./Core/Src/1wire.o
                0x00000000080006d0                OWSendCmd
 .text.OWCRC    0x0000000008000738       0x7c ./Core/Src/1wire.o
                0x0000000008000738                OWCRC
 .text.OWConvertAll
                0x00000000080007b4       0x12 ./Core/Src/1wire.o
                0x00000000080007b4                OWConvertAll
 *fill*         0x00000000080007c6        0x2 
 .text.OWReadTemperature
                0x00000000080007c8       0xcc ./Core/Src/1wire.o
                0x00000000080007c8                OWReadTemperature
 .text.main     0x0000000008000894      0x188 ./Core/Src/main.o
                0x0000000008000894                main
 .text.SystemClock_Config
                0x0000000008000a1c       0xa0 ./Core/Src/main.o
                0x0000000008000a1c                SystemClock_Config
 .text.MX_ADC_Init
                0x0000000008000abc       0xb8 ./Core/Src/main.o
 .text.MX_USART2_UART_Init
                0x0000000008000b74       0x60 ./Core/Src/main.o
 .text.MX_GPIO_Init
                0x0000000008000bd4      0x170 ./Core/Src/main.o
 .text.Error_Handler
                0x0000000008000d44        0xa ./Core/Src/main.o
                0x0000000008000d44                Error_Handler
 *fill*         0x0000000008000d4e        0x2 
 .text.sct_init
                0x0000000008000d50       0x64 ./Core/Src/stc.o
                0x0000000008000d50                sct_init
 .text.sct_led  0x0000000008000db4       0x68 ./Core/Src/stc.o
                0x0000000008000db4                sct_led
 .text.sct_value
                0x0000000008000e1c       0xb8 ./Core/Src/stc.o
                0x0000000008000e1c                sct_value
 .text.HAL_MspInit
                0x0000000008000ed4       0x48 ./Core/Src/stm32f0xx_hal_msp.o
                0x0000000008000ed4                HAL_MspInit
 .text.HAL_ADC_MspInit
                0x0000000008000f1c       0x8c ./Core/Src/stm32f0xx_hal_msp.o
                0x0000000008000f1c                HAL_ADC_MspInit
 .text.HAL_UART_MspInit
                0x0000000008000fa8       0x98 ./Core/Src/stm32f0xx_hal_msp.o
                0x0000000008000fa8                HAL_UART_MspInit
 .text.NMI_Handler
                0x0000000008001040        0x6 ./Core/Src/stm32f0xx_it.o
                0x0000000008001040                NMI_Handler
 .text.HardFault_Handler
                0x0000000008001046        0x6 ./Core/Src/stm32f0xx_it.o
                0x0000000008001046                HardFault_Handler
 .text.SVC_Handler
                0x000000000800104c        0xa ./Core/Src/stm32f0xx_it.o
                0x000000000800104c                SVC_Handler
 .text.PendSV_Handler
                0x0000000008001056        0xa ./Core/Src/stm32f0xx_it.o
                0x0000000008001056                PendSV_Handler
 .text.SysTick_Handler
                0x0000000008001060        0xe ./Core/Src/stm32f0xx_it.o
                0x0000000008001060                SysTick_Handler
 .text.SystemInit
                0x000000000800106e        0xa ./Core/Src/system_stm32f0xx.o
                0x000000000800106e                SystemInit
 .text.Reset_Handler
                0x0000000008001078       0x50 ./Core/Startup/startup_stm32f030r8tx.o
                0x0000000008001078                Reset_Handler
 .text.Default_Handler
                0x00000000080010c8        0x2 ./Core/Startup/startup_stm32f030r8tx.o
                0x00000000080010c8                TIM1_CC_IRQHandler
                0x00000000080010c8                TIM6_IRQHandler
                0x00000000080010c8                I2C1_IRQHandler
                0x00000000080010c8                SPI1_IRQHandler
                0x00000000080010c8                EXTI2_3_IRQHandler
                0x00000000080010c8                ADC1_IRQHandler
                0x00000000080010c8                I2C2_IRQHandler
                0x00000000080010c8                TIM17_IRQHandler
                0x00000000080010c8                RTC_IRQHandler
                0x00000000080010c8                TIM16_IRQHandler
                0x00000000080010c8                TIM3_IRQHandler
                0x00000000080010c8                EXTI4_15_IRQHandler
                0x00000000080010c8                RCC_IRQHandler
                0x00000000080010c8                DMA1_Channel1_IRQHandler
                0x00000000080010c8                Default_Handler
                0x00000000080010c8                TIM14_IRQHandler
                0x00000000080010c8                DMA1_Channel4_5_IRQHandler
                0x00000000080010c8                TIM15_IRQHandler
                0x00000000080010c8                EXTI0_1_IRQHandler
                0x00000000080010c8                SPI2_IRQHandler
                0x00000000080010c8                WWDG_IRQHandler
                0x00000000080010c8                DMA1_Channel2_3_IRQHandler
                0x00000000080010c8                USART2_IRQHandler
                0x00000000080010c8                FLASH_IRQHandler
                0x00000000080010c8                USART1_IRQHandler
                0x00000000080010c8                TIM1_BRK_UP_TRG_COM_IRQHandler
 *fill*         0x00000000080010ca        0x2 
 .text.HAL_Init
                0x00000000080010cc       0x28 ./Drivers/STM32F0xx_HAL_Driver/Src/stm32f0xx_hal.o
                0x00000000080010cc                HAL_Init
 .text.HAL_InitTick
                0x00000000080010f4       0x68 ./Drivers/STM32F0xx_HAL_Driver/Src/stm32f0xx_hal.o
                0x00000000080010f4                HAL_InitTick
 .text.HAL_IncTick
                0x000000000800115c       0x24 ./Drivers/STM32F0xx_HAL_Driver/Src/stm32f0xx_hal.o
                0x000000000800115c                HAL_IncTick
 .text.HAL_GetTick
                0x0000000008001180       0x14 ./Drivers/STM32F0xx_HAL_Driver/Src/stm32f0xx_hal.o
                0x0000000008001180                HAL_GetTick
 .text.HAL_ADC_Init
                0x0000000008001194      0x280 ./Drivers/STM32F0xx_HAL_Driver/Src/stm32f0xx_hal_adc.o
                0x0000000008001194                HAL_ADC_Init
 .text.HAL_ADC_Start
                0x0000000008001414       0xa8 ./Drivers/STM32F0xx_HAL_Driver/Src/stm32f0xx_hal_adc.o
                0x0000000008001414                HAL_ADC_Start
 .text.HAL_ADC_GetValue
                0x00000000080014bc       0x16 ./Drivers/STM32F0xx_HAL_Driver/Src/stm32f0xx_hal_adc.o
                0x00000000080014bc                HAL_ADC_GetValue
 *fill*         0x00000000080014d2        0x2 
 .text.HAL_ADC_ConfigChannel
                0x00000000080014d4      0x1ec ./Drivers/STM32F0xx_HAL_Driver/Src/stm32f0xx_hal_adc.o
                0x00000000080014d4                HAL_ADC_ConfigChannel
 .text.ADC_Enable
                0x00000000080016c0      0x108 ./Drivers/STM32F0xx_HAL_Driver/Src/stm32f0xx_hal_adc.o
 .text.HAL_ADCEx_Calibration_Start
                0x00000000080017c8      0x150 ./Drivers/STM32F0xx_HAL_Driver/Src/stm32f0xx_hal_adc_ex.o
                0x00000000080017c8                HAL_ADCEx_Calibration_Start
 .text.__NVIC_SetPriority
                0x0000000008001918       0xdc ./Drivers/STM32F0xx_HAL_Driver/Src/stm32f0xx_hal_cortex.o
 .text.SysTick_Config
                0x00000000080019f4       0x48 ./Drivers/STM32F0xx_HAL_Driver/Src/stm32f0xx_hal_cortex.o
 .text.HAL_NVIC_SetPriority
                0x0000000008001a3c       0x2a ./Drivers/STM32F0xx_HAL_Driver/Src/stm32f0xx_hal_cortex.o
                0x0000000008001a3c                HAL_NVIC_SetPriority
 .text.HAL_SYSTICK_Config
                0x0000000008001a66       0x1a ./Drivers/STM32F0xx_HAL_Driver/Src/stm32f0xx_hal_cortex.o
                0x0000000008001a66                HAL_SYSTICK_Config
 .text.HAL_GPIO_Init
                0x0000000008001a80      0x2e0 ./Drivers/STM32F0xx_HAL_Driver/Src/stm32f0xx_hal_gpio.o
                0x0000000008001a80                HAL_GPIO_Init
 .text.HAL_GPIO_ReadPin
                0x0000000008001d60       0x3a ./Drivers/STM32F0xx_HAL_Driver/Src/stm32f0xx_hal_gpio.o
                0x0000000008001d60                HAL_GPIO_ReadPin
 .text.HAL_GPIO_WritePin
                0x0000000008001d9a       0x3a ./Drivers/STM32F0xx_HAL_Driver/Src/stm32f0xx_hal_gpio.o
                0x0000000008001d9a                HAL_GPIO_WritePin
 .text.HAL_RCC_OscConfig
                0x0000000008001dd4      0x634 ./Drivers/STM32F0xx_HAL_Driver/Src/stm32f0xx_hal_rcc.o
                0x0000000008001dd4                HAL_RCC_OscConfig
 .text.HAL_RCC_ClockConfig
                0x0000000008002408      0x19c ./Drivers/STM32F0xx_HAL_Driver/Src/stm32f0xx_hal_rcc.o
                0x0000000008002408                HAL_RCC_ClockConfig
 .text.HAL_RCC_GetSysClockFreq
                0x00000000080025a4       0xc8 ./Drivers/STM32F0xx_HAL_Driver/Src/stm32f0xx_hal_rcc.o
                0x00000000080025a4                HAL_RCC_GetSysClockFreq
 .text.HAL_RCC_GetHCLKFreq
                0x000000000800266c       0x14 ./Drivers/STM32F0xx_HAL_Driver/Src/stm32f0xx_hal_rcc.o
                0x000000000800266c                HAL_RCC_GetHCLKFreq
 .text.HAL_RCC_GetPCLK1Freq
                0x0000000008002680       0x2c ./Drivers/STM32F0xx_HAL_Driver/Src/stm32f0xx_hal_rcc.o
                0x0000000008002680                HAL_RCC_GetPCLK1Freq
 .text.HAL_UART_Init
                0x00000000080026ac       0xa8 ./Drivers/STM32F0xx_HAL_Driver/Src/stm32f0xx_hal_uart.o
                0x00000000080026ac                HAL_UART_Init
 .text.UART_SetConfig
                0x0000000008002754      0x280 ./Drivers/STM32F0xx_HAL_Driver/Src/stm32f0xx_hal_uart.o
                0x0000000008002754                UART_SetConfig
 .text.UART_AdvFeatureConfig
                0x00000000080029d4      0x168 ./Drivers/STM32F0xx_HAL_Driver/Src/stm32f0xx_hal_uart.o
                0x00000000080029d4                UART_AdvFeatureConfig
 .text.UART_CheckIdleState
                0x0000000008002b3c       0x90 ./Drivers/STM32F0xx_HAL_Driver/Src/stm32f0xx_hal_uart.o
                0x0000000008002b3c                UART_CheckIdleState
 .text.UART_WaitOnFlagUntilTimeout
                0x0000000008002bcc      0x188 ./Drivers/STM32F0xx_HAL_Driver/Src/stm32f0xx_hal_uart.o
                0x0000000008002bcc                UART_WaitOnFlagUntilTimeout
 .text.__libc_init_array
                0x0000000008002d54       0x48 c:/appz/st/stm32cubeide_1.2.0/stm32cubeide/plugins/com.st.stm32cube.ide.mcu.externaltools.gnu-tools-for-stm32.9-2020-q2-update.win32_2.0.0.202105311346/tools/bin/../lib/gcc/arm-none-eabi/9.3.1/../../../../arm-none-eabi/lib/thumb/v6-m/nofp\libc_nano.a(lib_a-init.o)
                0x0000000008002d54                __libc_init_array
 .text.memset   0x0000000008002d9c       0x10 c:/appz/st/stm32cubeide_1.2.0/stm32cubeide/plugins/com.st.stm32cube.ide.mcu.externaltools.gnu-tools-for-stm32.9-2020-q2-update.win32_2.0.0.202105311346/tools/bin/../lib/gcc/arm-none-eabi/9.3.1/../../../../arm-none-eabi/lib/thumb/v6-m/nofp\libc_nano.a(lib_a-memset.o)
                0x0000000008002d9c                memset
 *(.glue_7)
 .glue_7        0x0000000008002dac        0x0 linker stubs
 *(.glue_7t)
 .glue_7t       0x0000000008002dac        0x0 linker stubs
 *(.eh_frame)
 .eh_frame      0x0000000008002dac        0x0 c:/appz/st/stm32cubeide_1.2.0/stm32cubeide/plugins/com.st.stm32cube.ide.mcu.externaltools.gnu-tools-for-stm32.9-2020-q2-update.win32_2.0.0.202105311346/tools/bin/../lib/gcc/arm-none-eabi/9.3.1/thumb/v6-m/nofp/crtbegin.o
 *(.init)
 .init          0x0000000008002dac        0x4 c:/appz/st/stm32cubeide_1.2.0/stm32cubeide/plugins/com.st.stm32cube.ide.mcu.externaltools.gnu-tools-for-stm32.9-2020-q2-update.win32_2.0.0.202105311346/tools/bin/../lib/gcc/arm-none-eabi/9.3.1/thumb/v6-m/nofp/crti.o
                0x0000000008002dac                _init
 .init          0x0000000008002db0        0x8 c:/appz/st/stm32cubeide_1.2.0/stm32cubeide/plugins/com.st.stm32cube.ide.mcu.externaltools.gnu-tools-for-stm32.9-2020-q2-update.win32_2.0.0.202105311346/tools/bin/../lib/gcc/arm-none-eabi/9.3.1/thumb/v6-m/nofp/crtn.o
 *(.fini)
 .fini          0x0000000008002db8        0x4 c:/appz/st/stm32cubeide_1.2.0/stm32cubeide/plugins/com.st.stm32cube.ide.mcu.externaltools.gnu-tools-for-stm32.9-2020-q2-update.win32_2.0.0.202105311346/tools/bin/../lib/gcc/arm-none-eabi/9.3.1/thumb/v6-m/nofp/crti.o
                0x0000000008002db8                _fini
 .fini          0x0000000008002dbc        0x8 c:/appz/st/stm32cubeide_1.2.0/stm32cubeide/plugins/com.st.stm32cube.ide.mcu.externaltools.gnu-tools-for-stm32.9-2020-q2-update.win32_2.0.0.202105311346/tools/bin/../lib/gcc/arm-none-eabi/9.3.1/thumb/v6-m/nofp/crtn.o
                0x0000000008002dc4                . = ALIGN (0x4)
                0x0000000008002dc4                _etext = .

.vfp11_veneer   0x0000000008002dc4        0x0
 .vfp11_veneer  0x0000000008002dc4        0x0 linker stubs

.v4_bx          0x0000000008002dc4        0x0
 .v4_bx         0x0000000008002dc4        0x0 linker stubs

.iplt           0x0000000008002dc4        0x0
 .iplt          0x0000000008002dc4        0x0 c:/appz/st/stm32cubeide_1.2.0/stm32cubeide/plugins/com.st.stm32cube.ide.mcu.externaltools.gnu-tools-for-stm32.9-2020-q2-update.win32_2.0.0.202105311346/tools/bin/../lib/gcc/arm-none-eabi/9.3.1/thumb/v6-m/nofp/crtbegin.o

.rodata         0x0000000008002dc4       0xd8
                0x0000000008002dc4                . = ALIGN (0x4)
 *(.rodata)
 .rodata        0x0000000008002dc4       0x20 ./Drivers/STM32F0xx_HAL_Driver/Src/stm32f0xx_hal_rcc.o
 *(.rodata*)
 .rodata.reg_values
                0x0000000008002de4       0xa0 ./Core/Src/stc.o
 .rodata.AHBPrescTable
                0x0000000008002e84       0x10 ./Core/Src/system_stm32f0xx.o
                0x0000000008002e84                AHBPrescTable
 .rodata.APBPrescTable
                0x0000000008002e94        0x8 ./Core/Src/system_stm32f0xx.o
                0x0000000008002e94                APBPrescTable
                0x0000000008002e9c                . = ALIGN (0x4)

.rel.dyn        0x0000000008002e9c        0x0
 .rel.iplt      0x0000000008002e9c        0x0 c:/appz/st/stm32cubeide_1.2.0/stm32cubeide/plugins/com.st.stm32cube.ide.mcu.externaltools.gnu-tools-for-stm32.9-2020-q2-update.win32_2.0.0.202105311346/tools/bin/../lib/gcc/arm-none-eabi/9.3.1/thumb/v6-m/nofp/crtbegin.o

.ARM.extab      0x0000000008002e9c        0x0
                0x0000000008002e9c                . = ALIGN (0x4)
 *(.ARM.extab* .gnu.linkonce.armextab.*)
                0x0000000008002e9c                . = ALIGN (0x4)

.ARM            0x0000000008002e9c        0x0
                0x0000000008002e9c                . = ALIGN (0x4)
                0x0000000008002e9c                __exidx_start = .
 *(.ARM.exidx*)
                0x0000000008002e9c                __exidx_end = .
                0x0000000008002e9c                . = ALIGN (0x4)

.preinit_array  0x0000000008002e9c        0x0
                0x0000000008002e9c                . = ALIGN (0x4)
                0x0000000008002e9c                PROVIDE (__preinit_array_start = .)
 *(.preinit_array*)
                0x0000000008002e9c                PROVIDE (__preinit_array_end = .)
                0x0000000008002e9c                . = ALIGN (0x4)

.init_array     0x0000000008002e9c        0x4
                0x0000000008002e9c                . = ALIGN (0x4)
                0x0000000008002e9c                PROVIDE (__init_array_start = .)
 *(SORT_BY_NAME(.init_array.*))
 *(.init_array*)
 .init_array    0x0000000008002e9c        0x4 c:/appz/st/stm32cubeide_1.2.0/stm32cubeide/plugins/com.st.stm32cube.ide.mcu.externaltools.gnu-tools-for-stm32.9-2020-q2-update.win32_2.0.0.202105311346/tools/bin/../lib/gcc/arm-none-eabi/9.3.1/thumb/v6-m/nofp/crtbegin.o
                0x0000000008002ea0                PROVIDE (__init_array_end = .)
                0x0000000008002ea0                . = ALIGN (0x4)

.fini_array     0x0000000008002ea0        0x4
                0x0000000008002ea0                . = ALIGN (0x4)
                [!provide]                        PROVIDE (__fini_array_start = .)
 *(SORT_BY_NAME(.fini_array.*))
 *(.fini_array*)
 .fini_array    0x0000000008002ea0        0x4 c:/appz/st/stm32cubeide_1.2.0/stm32cubeide/plugins/com.st.stm32cube.ide.mcu.externaltools.gnu-tools-for-stm32.9-2020-q2-update.win32_2.0.0.202105311346/tools/bin/../lib/gcc/arm-none-eabi/9.3.1/thumb/v6-m/nofp/crtbegin.o
                [!provide]                        PROVIDE (__fini_array_end = .)
                0x0000000008002ea4                . = ALIGN (0x4)
                0x0000000008002ea4                _sidata = LOADADDR (.data)

.data           0x0000000020000000      0x80c load address 0x0000000008002ea4
                0x0000000020000000                . = ALIGN (0x4)
                0x0000000020000000                _sdata = .
 *(.data)
 *(.data*)
 .data.temp_NTC
                0x0000000020000000      0x800 ./Core/Src/main.o
                0x0000000020000000                temp_NTC
 .data.SystemCoreClock
                0x0000000020000800        0x4 ./Core/Src/system_stm32f0xx.o
                0x0000000020000800                SystemCoreClock
 .data.uwTickPrio
                0x0000000020000804        0x4 ./Drivers/STM32F0xx_HAL_Driver/Src/stm32f0xx_hal.o
                0x0000000020000804                uwTickPrio
 .data.uwTickFreq
                0x0000000020000808        0x1 ./Drivers/STM32F0xx_HAL_Driver/Src/stm32f0xx_hal.o
                0x0000000020000808                uwTickFreq
 *(.RamFunc)
 *(.RamFunc*)
                0x000000002000080c                . = ALIGN (0x4)
 *fill*         0x0000000020000809        0x3 
                0x000000002000080c                _edata = .

.igot.plt       0x000000002000080c        0x0 load address 0x00000000080036b0
 .igot.plt      0x000000002000080c        0x0 c:/appz/st/stm32cubeide_1.2.0/stm32cubeide/plugins/com.st.stm32cube.ide.mcu.externaltools.gnu-tools-for-stm32.9-2020-q2-update.win32_2.0.0.202105311346/tools/bin/../lib/gcc/arm-none-eabi/9.3.1/thumb/v6-m/nofp/crtbegin.o
                0x000000002000080c                . = ALIGN (0x4)

.bss            0x000000002000080c       0xec load address 0x00000000080036b0
                0x000000002000080c                _sbss = .
                0x000000002000080c                __bss_start__ = _sbss
 *(.bss)
 .bss           0x000000002000080c       0x1c c:/appz/st/stm32cubeide_1.2.0/stm32cubeide/plugins/com.st.stm32cube.ide.mcu.externaltools.gnu-tools-for-stm32.9-2020-q2-update.win32_2.0.0.202105311346/tools/bin/../lib/gcc/arm-none-eabi/9.3.1/thumb/v6-m/nofp/crtbegin.o
 *(.bss*)
 .bss.last_time.5687
                0x0000000020000828        0x4 ./Core/Src/main.o
 .bss.state.5692
                0x000000002000082c        0x1 ./Core/Src/main.o
 *(COMMON)
 *fill*         0x000000002000082d        0x3 
 COMMON         0x0000000020000830       0xc4 ./Core/Src/main.o
                0x0000000020000830                huart2
                0x00000000200008b4                hadc
 COMMON         0x00000000200008f4        0x4 ./Drivers/STM32F0xx_HAL_Driver/Src/stm32f0xx_hal.o
                0x00000000200008f4                uwTick
                0x00000000200008f8                . = ALIGN (0x4)
                0x00000000200008f8                _ebss = .
                0x00000000200008f8                __bss_end__ = _ebss

._user_heap_stack
                0x00000000200008f8      0x600 load address 0x00000000080036b0
                0x00000000200008f8                . = ALIGN (0x8)
                [!provide]                        PROVIDE (end = .)
                0x00000000200008f8                PROVIDE (_end = .)
                0x0000000020000af8                . = (. + _Min_Heap_Size)
 *fill*         0x00000000200008f8      0x200 
                0x0000000020000ef8                . = (. + _Min_Stack_Size)
 *fill*         0x0000000020000af8      0x400 
                0x0000000020000ef8                . = ALIGN (0x8)

/DISCARD/
 libc.a(*)
 libm.a(*)
 libgcc.a(*)

.ARM.attributes
                0x0000000000000000       0x28
 *(.ARM.attributes)
 .ARM.attributes
                0x0000000000000000       0x1e c:/appz/st/stm32cubeide_1.2.0/stm32cubeide/plugins/com.st.stm32cube.ide.mcu.externaltools.gnu-tools-for-stm32.9-2020-q2-update.win32_2.0.0.202105311346/tools/bin/../lib/gcc/arm-none-eabi/9.3.1/thumb/v6-m/nofp/crti.o
 .ARM.attributes
                0x000000000000001e       0x2c c:/appz/st/stm32cubeide_1.2.0/stm32cubeide/plugins/com.st.stm32cube.ide.mcu.externaltools.gnu-tools-for-stm32.9-2020-q2-update.win32_2.0.0.202105311346/tools/bin/../lib/gcc/arm-none-eabi/9.3.1/thumb/v6-m/nofp/crtbegin.o
 .ARM.attributes
                0x000000000000004a       0x2c ./Core/Src/1wire.o
 .ARM.attributes
                0x0000000000000076       0x2c ./Core/Src/main.o
 .ARM.attributes
                0x00000000000000a2       0x2c ./Core/Src/stc.o
 .ARM.attributes
                0x00000000000000ce       0x2c ./Core/Src/stm32f0xx_hal_msp.o
 .ARM.attributes
                0x00000000000000fa       0x2c ./Core/Src/stm32f0xx_it.o
 .ARM.attributes
                0x0000000000000126       0x2c ./Core/Src/system_stm32f0xx.o
 .ARM.attributes
                0x0000000000000152       0x21 ./Core/Startup/startup_stm32f030r8tx.o
 .ARM.attributes
                0x0000000000000173       0x2c ./Drivers/STM32F0xx_HAL_Driver/Src/stm32f0xx_hal.o
 .ARM.attributes
                0x000000000000019f       0x2c ./Drivers/STM32F0xx_HAL_Driver/Src/stm32f0xx_hal_adc.o
 .ARM.attributes
                0x00000000000001cb       0x2c ./Drivers/STM32F0xx_HAL_Driver/Src/stm32f0xx_hal_adc_ex.o
 .ARM.attributes
                0x00000000000001f7       0x2c ./Drivers/STM32F0xx_HAL_Driver/Src/stm32f0xx_hal_cortex.o
 .ARM.attributes
                0x0000000000000223       0x2c ./Drivers/STM32F0xx_HAL_Driver/Src/stm32f0xx_hal_gpio.o
 .ARM.attributes
                0x000000000000024f       0x2c ./Drivers/STM32F0xx_HAL_Driver/Src/stm32f0xx_hal_rcc.o
 .ARM.attributes
                0x000000000000027b       0x2c ./Drivers/STM32F0xx_HAL_Driver/Src/stm32f0xx_hal_uart.o
 .ARM.attributes
                0x00000000000002a7       0x2c c:/appz/st/stm32cubeide_1.2.0/stm32cubeide/plugins/com.st.stm32cube.ide.mcu.externaltools.gnu-tools-for-stm32.9-2020-q2-update.win32_2.0.0.202105311346/tools/bin/../lib/gcc/arm-none-eabi/9.3.1/../../../../arm-none-eabi/lib/thumb/v6-m/nofp\libc_nano.a(lib_a-init.o)
 .ARM.attributes
                0x00000000000002d3       0x2c c:/appz/st/stm32cubeide_1.2.0/stm32cubeide/plugins/com.st.stm32cube.ide.mcu.externaltools.gnu-tools-for-stm32.9-2020-q2-update.win32_2.0.0.202105311346/tools/bin/../lib/gcc/arm-none-eabi/9.3.1/../../../../arm-none-eabi/lib/thumb/v6-m/nofp\libc_nano.a(lib_a-memset.o)
 .ARM.attributes
                0x00000000000002ff       0x1e c:/appz/st/stm32cubeide_1.2.0/stm32cubeide/plugins/com.st.stm32cube.ide.mcu.externaltools.gnu-tools-for-stm32.9-2020-q2-update.win32_2.0.0.202105311346/tools/bin/../lib/gcc/arm-none-eabi/9.3.1/thumb/v6-m/nofp\libgcc.a(_udivsi3.o)
 .ARM.attributes
                0x000000000000031d       0x1e c:/appz/st/stm32cubeide_1.2.0/stm32cubeide/plugins/com.st.stm32cube.ide.mcu.externaltools.gnu-tools-for-stm32.9-2020-q2-update.win32_2.0.0.202105311346/tools/bin/../lib/gcc/arm-none-eabi/9.3.1/thumb/v6-m/nofp\libgcc.a(_divsi3.o)
 .ARM.attributes
                0x000000000000033b       0x1e c:/appz/st/stm32cubeide_1.2.0/stm32cubeide/plugins/com.st.stm32cube.ide.mcu.externaltools.gnu-tools-for-stm32.9-2020-q2-update.win32_2.0.0.202105311346/tools/bin/../lib/gcc/arm-none-eabi/9.3.1/thumb/v6-m/nofp\libgcc.a(_dvmd_tls.o)
 .ARM.attributes
                0x0000000000000359       0x1e c:/appz/st/stm32cubeide_1.2.0/stm32cubeide/plugins/com.st.stm32cube.ide.mcu.externaltools.gnu-tools-for-stm32.9-2020-q2-update.win32_2.0.0.202105311346/tools/bin/../lib/gcc/arm-none-eabi/9.3.1/thumb/v6-m/nofp/crtn.o
OUTPUT(Lab6.elf elf32-littlearm)
LOAD linker stubs
LOAD c:/appz/st/stm32cubeide_1.2.0/stm32cubeide/plugins/com.st.stm32cube.ide.mcu.externaltools.gnu-tools-for-stm32.9-2020-q2-update.win32_2.0.0.202105311346/tools/bin/../lib/gcc/arm-none-eabi/9.3.1/../../../../arm-none-eabi/lib/thumb/v6-m/nofp\libc.a
LOAD c:/appz/st/stm32cubeide_1.2.0/stm32cubeide/plugins/com.st.stm32cube.ide.mcu.externaltools.gnu-tools-for-stm32.9-2020-q2-update.win32_2.0.0.202105311346/tools/bin/../lib/gcc/arm-none-eabi/9.3.1/../../../../arm-none-eabi/lib/thumb/v6-m/nofp\libm.a
LOAD c:/appz/st/stm32cubeide_1.2.0/stm32cubeide/plugins/com.st.stm32cube.ide.mcu.externaltools.gnu-tools-for-stm32.9-2020-q2-update.win32_2.0.0.202105311346/tools/bin/../lib/gcc/arm-none-eabi/9.3.1/thumb/v6-m/nofp\libgcc.a

.debug_info     0x0000000000000000     0x9fe8
 .debug_info    0x0000000000000000      0xefa ./Core/Src/1wire.o
 .debug_info    0x0000000000000efa      0xecf ./Core/Src/main.o
 .debug_info    0x0000000000001dc9      0x3be ./Core/Src/stc.o
 .debug_info    0x0000000000002187      0xc5f ./Core/Src/stm32f0xx_hal_msp.o
 .debug_info    0x0000000000002de6      0x1b3 ./Core/Src/stm32f0xx_it.o
 .debug_info    0x0000000000002f99      0x2c3 ./Core/Src/system_stm32f0xx.o
 .debug_info    0x000000000000325c       0x22 ./Core/Startup/startup_stm32f030r8tx.o
 .debug_info    0x000000000000327e      0x6dc ./Drivers/STM32F0xx_HAL_Driver/Src/stm32f0xx_hal.o
 .debug_info    0x000000000000395a      0xd62 ./Drivers/STM32F0xx_HAL_Driver/Src/stm32f0xx_hal_adc.o
 .debug_info    0x00000000000046bc      0x65c ./Drivers/STM32F0xx_HAL_Driver/Src/stm32f0xx_hal_adc_ex.o
 .debug_info    0x0000000000004d18      0x7be ./Drivers/STM32F0xx_HAL_Driver/Src/stm32f0xx_hal_cortex.o
 .debug_info    0x00000000000054d6      0x6d8 ./Drivers/STM32F0xx_HAL_Driver/Src/stm32f0xx_hal_gpio.o
 .debug_info    0x0000000000005bae      0x88d ./Drivers/STM32F0xx_HAL_Driver/Src/stm32f0xx_hal_rcc.o
 .debug_info    0x000000000000643b     0x3bad ./Drivers/STM32F0xx_HAL_Driver/Src/stm32f0xx_hal_uart.o

.debug_abbrev   0x0000000000000000     0x19b1
 .debug_abbrev  0x0000000000000000      0x2e9 ./Core/Src/1wire.o
 .debug_abbrev  0x00000000000002e9      0x25f ./Core/Src/main.o
 .debug_abbrev  0x0000000000000548      0x1ae ./Core/Src/stc.o
 .debug_abbrev  0x00000000000006f6      0x1ac ./Core/Src/stm32f0xx_hal_msp.o
 .debug_abbrev  0x00000000000008a2       0xd2 ./Core/Src/stm32f0xx_it.o
 .debug_abbrev  0x0000000000000974      0x145 ./Core/Src/system_stm32f0xx.o
 .debug_abbrev  0x0000000000000ab9       0x12 ./Core/Startup/startup_stm32f030r8tx.o
 .debug_abbrev  0x0000000000000acb      0x21e ./Drivers/STM32F0xx_HAL_Driver/Src/stm32f0xx_hal.o
 .debug_abbrev  0x0000000000000ce9      0x1f1 ./Drivers/STM32F0xx_HAL_Driver/Src/stm32f0xx_hal_adc.o
 .debug_abbrev  0x0000000000000eda      0x149 ./Drivers/STM32F0xx_HAL_Driver/Src/stm32f0xx_hal_adc_ex.o
 .debug_abbrev  0x0000000000001023      0x2a9 ./Drivers/STM32F0xx_HAL_Driver/Src/stm32f0xx_hal_cortex.o
 .debug_abbrev  0x00000000000012cc      0x1e8 ./Drivers/STM32F0xx_HAL_Driver/Src/stm32f0xx_hal_gpio.o
 .debug_abbrev  0x00000000000014b4      0x23b ./Drivers/STM32F0xx_HAL_Driver/Src/stm32f0xx_hal_rcc.o
 .debug_abbrev  0x00000000000016ef      0x2c2 ./Drivers/STM32F0xx_HAL_Driver/Src/stm32f0xx_hal_uart.o

.debug_aranges  0x0000000000000000      0x750
 .debug_aranges
                0x0000000000000000       0x70 ./Core/Src/1wire.o
 .debug_aranges
                0x0000000000000070       0x48 ./Core/Src/main.o
 .debug_aranges
                0x00000000000000b8       0x30 ./Core/Src/stc.o
 .debug_aranges
                0x00000000000000e8       0x40 ./Core/Src/stm32f0xx_hal_msp.o
 .debug_aranges
                0x0000000000000128       0x40 ./Core/Src/stm32f0xx_it.o
 .debug_aranges
                0x0000000000000168       0x28 ./Core/Src/system_stm32f0xx.o
 .debug_aranges
                0x0000000000000190       0x28 ./Core/Startup/startup_stm32f030r8tx.o
 .debug_aranges
                0x00000000000001b8       0xd0 ./Drivers/STM32F0xx_HAL_Driver/Src/stm32f0xx_hal.o
 .debug_aranges
                0x0000000000000288       0xf8 ./Drivers/STM32F0xx_HAL_Driver/Src/stm32f0xx_hal_adc.o
 .debug_aranges
                0x0000000000000380       0x20 ./Drivers/STM32F0xx_HAL_Driver/Src/stm32f0xx_hal_adc_ex.o
 .debug_aranges
                0x00000000000003a0       0xc0 ./Drivers/STM32F0xx_HAL_Driver/Src/stm32f0xx_hal_cortex.o
 .debug_aranges
                0x0000000000000460       0x58 ./Drivers/STM32F0xx_HAL_Driver/Src/stm32f0xx_hal_gpio.o
 .debug_aranges
                0x00000000000004b8       0x80 ./Drivers/STM32F0xx_HAL_Driver/Src/stm32f0xx_hal_rcc.o
 .debug_aranges
                0x0000000000000538      0x218 ./Drivers/STM32F0xx_HAL_Driver/Src/stm32f0xx_hal_uart.o

.debug_ranges   0x0000000000000000      0x6a8
 .debug_ranges  0x0000000000000000       0x60 ./Core/Src/1wire.o
 .debug_ranges  0x0000000000000060       0x38 ./Core/Src/main.o
 .debug_ranges  0x0000000000000098       0x20 ./Core/Src/stc.o
 .debug_ranges  0x00000000000000b8       0x30 ./Core/Src/stm32f0xx_hal_msp.o
 .debug_ranges  0x00000000000000e8       0x30 ./Core/Src/stm32f0xx_it.o
 .debug_ranges  0x0000000000000118       0x18 ./Core/Src/system_stm32f0xx.o
 .debug_ranges  0x0000000000000130       0x20 ./Core/Startup/startup_stm32f030r8tx.o
 .debug_ranges  0x0000000000000150       0xc0 ./Drivers/STM32F0xx_HAL_Driver/Src/stm32f0xx_hal.o
 .debug_ranges  0x0000000000000210       0xe8 ./Drivers/STM32F0xx_HAL_Driver/Src/stm32f0xx_hal_adc.o
 .debug_ranges  0x00000000000002f8       0x10 ./Drivers/STM32F0xx_HAL_Driver/Src/stm32f0xx_hal_adc_ex.o
 .debug_ranges  0x0000000000000308       0xb0 ./Drivers/STM32F0xx_HAL_Driver/Src/stm32f0xx_hal_cortex.o
 .debug_ranges  0x00000000000003b8       0x48 ./Drivers/STM32F0xx_HAL_Driver/Src/stm32f0xx_hal_gpio.o
 .debug_ranges  0x0000000000000400       0x70 ./Drivers/STM32F0xx_HAL_Driver/Src/stm32f0xx_hal_rcc.o
 .debug_ranges  0x0000000000000470      0x238 ./Drivers/STM32F0xx_HAL_Driver/Src/stm32f0xx_hal_uart.o

.debug_macro    0x0000000000000000    0x10561
 .debug_macro   0x0000000000000000      0x339 ./Core/Src/1wire.o
 .debug_macro   0x0000000000000339      0xa7e ./Core/Src/1wire.o
 .debug_macro   0x0000000000000db7       0x22 ./Core/Src/1wire.o
 .debug_macro   0x0000000000000dd9       0x4c ./Core/Src/1wire.o
 .debug_macro   0x0000000000000e25       0x18 ./Core/Src/1wire.o
 .debug_macro   0x0000000000000e3d       0x94 ./Core/Src/1wire.o
 .debug_macro   0x0000000000000ed1       0x3c ./Core/Src/1wire.o
 .debug_macro   0x0000000000000f0d       0x34 ./Core/Src/1wire.o
 .debug_macro   0x0000000000000f41       0x16 ./Core/Src/1wire.o
 .debug_macro   0x0000000000000f57       0x57 ./Core/Src/1wire.o
 .debug_macro   0x0000000000000fae       0x97 ./Core/Src/1wire.o
 .debug_macro   0x0000000000001045      0x339 ./Core/Src/1wire.o
 .debug_macro   0x000000000000137e       0xfd ./Core/Src/1wire.o
 .debug_macro   0x000000000000147b       0x10 ./Core/Src/1wire.o
 .debug_macro   0x000000000000148b       0x16 ./Core/Src/1wire.o
 .debug_macro   0x00000000000014a1       0x43 ./Core/Src/1wire.o
 .debug_macro   0x00000000000014e4       0x34 ./Core/Src/1wire.o
 .debug_macro   0x0000000000001518       0x10 ./Core/Src/1wire.o
 .debug_macro   0x0000000000001528       0x58 ./Core/Src/1wire.o
 .debug_macro   0x0000000000001580       0x71 ./Core/Src/1wire.o
 .debug_macro   0x00000000000015f1       0x1c ./Core/Src/1wire.o
 .debug_macro   0x000000000000160d      0x12a ./Core/Src/1wire.o
 .debug_macro   0x0000000000001737       0x10 ./Core/Src/1wire.o
 .debug_macro   0x0000000000001747       0x6a ./Core/Src/1wire.o
 .debug_macro   0x00000000000017b1       0x1c ./Core/Src/1wire.o
 .debug_macro   0x00000000000017cd       0x52 ./Core/Src/1wire.o
 .debug_macro   0x000000000000181f       0x22 ./Core/Src/1wire.o
 .debug_macro   0x0000000000001841       0x10 ./Core/Src/1wire.o
 .debug_macro   0x0000000000001851       0x40 ./Core/Src/1wire.o
 .debug_macro   0x0000000000001891       0xd5 ./Core/Src/1wire.o
 .debug_macro   0x0000000000001966       0x1c ./Core/Src/1wire.o
 .debug_macro   0x0000000000001982       0x3d ./Core/Src/1wire.o
 .debug_macro   0x00000000000019bf       0x16 ./Core/Src/1wire.o
 .debug_macro   0x00000000000019d5      0x145 ./Core/Src/1wire.o
 .debug_macro   0x0000000000001b1a      0x103 ./Core/Src/1wire.o
 .debug_macro   0x0000000000001c1d      0x1df ./Core/Src/1wire.o
 .debug_macro   0x0000000000001dfc      0x133 ./Core/Src/1wire.o
 .debug_macro   0x0000000000001f2f       0x2e ./Core/Src/1wire.o
 .debug_macro   0x0000000000001f5d       0x22 ./Core/Src/1wire.o
 .debug_macro   0x0000000000001f7f       0x1c ./Core/Src/1wire.o
 .debug_macro   0x0000000000001f9b       0x22 ./Core/Src/1wire.o
 .debug_macro   0x0000000000001fbd       0xaf ./Core/Src/1wire.o
 .debug_macro   0x000000000000206c      0x391 ./Core/Src/1wire.o
 .debug_macro   0x00000000000023fd     0x6f40 ./Core/Src/1wire.o
 .debug_macro   0x000000000000933d       0x66 ./Core/Src/1wire.o
 .debug_macro   0x00000000000093a3     0x34a6 ./Core/Src/1wire.o
 .debug_macro   0x000000000000c849       0x4f ./Core/Src/1wire.o
 .debug_macro   0x000000000000c898      0x924 ./Core/Src/1wire.o
 .debug_macro   0x000000000000d1bc      0x17f ./Core/Src/1wire.o
 .debug_macro   0x000000000000d33b      0x1af ./Core/Src/1wire.o
 .debug_macro   0x000000000000d4ea       0xd9 ./Core/Src/1wire.o
 .debug_macro   0x000000000000d5c3      0x1a0 ./Core/Src/1wire.o
 .debug_macro   0x000000000000d763      0x1ed ./Core/Src/1wire.o
 .debug_macro   0x000000000000d950       0x34 ./Core/Src/1wire.o
 .debug_macro   0x000000000000d984       0x43 ./Core/Src/1wire.o
 .debug_macro   0x000000000000d9c7       0x28 ./Core/Src/1wire.o
 .debug_macro   0x000000000000d9ef      0x33d ./Core/Src/1wire.o
 .debug_macro   0x000000000000dd2c       0xc2 ./Core/Src/1wire.o
 .debug_macro   0x000000000000ddee       0xb0 ./Core/Src/1wire.o
 .debug_macro   0x000000000000de9e      0x199 ./Core/Src/1wire.o
 .debug_macro   0x000000000000e037      0x22c ./Core/Src/1wire.o
 .debug_macro   0x000000000000e263       0x61 ./Core/Src/1wire.o
 .debug_macro   0x000000000000e2c4       0xa5 ./Core/Src/1wire.o
 .debug_macro   0x000000000000e369       0x4c ./Core/Src/1wire.o
 .debug_macro   0x000000000000e3b5       0x2b ./Core/Src/1wire.o
 .debug_macro   0x000000000000e3e0      0x55f ./Core/Src/1wire.o
 .debug_macro   0x000000000000e93f       0x3e ./Core/Src/1wire.o
 .debug_macro   0x000000000000e97d       0xff ./Core/Src/1wire.o
 .debug_macro   0x000000000000ea7c       0xb8 ./Core/Src/1wire.o
 .debug_macro   0x000000000000eb34       0xb2 ./Core/Src/1wire.o
 .debug_macro   0x000000000000ebe6      0x1f4 ./Core/Src/main.o
 .debug_macro   0x000000000000edda       0x8e ./Core/Src/main.o
 .debug_macro   0x000000000000ee68       0x51 ./Core/Src/main.o
 .debug_macro   0x000000000000eeb9       0xb5 ./Core/Src/main.o
 .debug_macro   0x000000000000ef6e      0x174 ./Core/Src/main.o
 .debug_macro   0x000000000000f0e2       0x55 ./Core/Src/main.o
 .debug_macro   0x000000000000f137      0x1e4 ./Core/Src/stc.o
 .debug_macro   0x000000000000f31b      0x1d1 ./Core/Src/stm32f0xx_hal_msp.o
 .debug_macro   0x000000000000f4ec      0x1db ./Core/Src/stm32f0xx_it.o
 .debug_macro   0x000000000000f6c7      0x1c2 ./Core/Src/system_stm32f0xx.o
 .debug_macro   0x000000000000f889      0x1e6 ./Drivers/STM32F0xx_HAL_Driver/Src/stm32f0xx_hal.o
 .debug_macro   0x000000000000fa6f      0x1e6 ./Drivers/STM32F0xx_HAL_Driver/Src/stm32f0xx_hal_adc.o
 .debug_macro   0x000000000000fc55      0x1ce ./Drivers/STM32F0xx_HAL_Driver/Src/stm32f0xx_hal_adc_ex.o
 .debug_macro   0x000000000000fe23      0x1c2 ./Drivers/STM32F0xx_HAL_Driver/Src/stm32f0xx_hal_cortex.o
 .debug_macro   0x000000000000ffe5      0x1c9 ./Drivers/STM32F0xx_HAL_Driver/Src/stm32f0xx_hal_gpio.o
 .debug_macro   0x00000000000101ae      0x1d4 ./Drivers/STM32F0xx_HAL_Driver/Src/stm32f0xx_hal_rcc.o
 .debug_macro   0x0000000000010382      0x1df ./Drivers/STM32F0xx_HAL_Driver/Src/stm32f0xx_hal_uart.o

.debug_line     0x0000000000000000     0xa4b9
 .debug_line    0x0000000000000000      0xcf5 ./Core/Src/1wire.o
 .debug_line    0x0000000000000cf5      0x8d5 ./Core/Src/main.o
 .debug_line    0x00000000000015ca      0x779 ./Core/Src/stc.o
 .debug_line    0x0000000000001d43      0x78b ./Core/Src/stm32f0xx_hal_msp.o
 .debug_line    0x00000000000024ce      0x75b ./Core/Src/stm32f0xx_it.o
 .debug_line    0x0000000000002c29      0x766 ./Core/Src/system_stm32f0xx.o
 .debug_line    0x000000000000338f       0x89 ./Core/Startup/startup_stm32f030r8tx.o
 .debug_line    0x0000000000003418      0x971 ./Drivers/STM32F0xx_HAL_Driver/Src/stm32f0xx_hal.o
 .debug_line    0x0000000000003d89     0x118c ./Drivers/STM32F0xx_HAL_Driver/Src/stm32f0xx_hal_adc.o
 .debug_line    0x0000000000004f15      0x78a ./Drivers/STM32F0xx_HAL_Driver/Src/stm32f0xx_hal_adc_ex.o
 .debug_line    0x000000000000569f      0xa1d ./Drivers/STM32F0xx_HAL_Driver/Src/stm32f0xx_hal_cortex.o
 .debug_line    0x00000000000060bc      0xaee ./Drivers/STM32F0xx_HAL_Driver/Src/stm32f0xx_hal_gpio.o
 .debug_line    0x0000000000006baa      0xd5d ./Drivers/STM32F0xx_HAL_Driver/Src/stm32f0xx_hal_rcc.o
 .debug_line    0x0000000000007907     0x2bb2 ./Drivers/STM32F0xx_HAL_Driver/Src/stm32f0xx_hal_uart.o

.debug_str      0x0000000000000000    0x6015c
 .debug_str     0x0000000000000000    0x5e074 ./Core/Src/1wire.o
                                      0x5e38d (size before relaxing)
 .debug_str     0x000000000005e074      0x7b1 ./Core/Src/main.o
                                      0x5aa41 (size before relaxing)
 .debug_str     0x000000000005e825      0x193 ./Core/Src/stc.o
                                      0x59eb8 (size before relaxing)
 .debug_str     0x000000000005e9b8       0x78 ./Core/Src/stm32f0xx_hal_msp.o
                                      0x5a5bb (size before relaxing)
 .debug_str     0x000000000005ea30       0x76 ./Core/Src/stm32f0xx_it.o
                                      0x59f7c (size before relaxing)
 .debug_str     0x000000000005eaa6       0x5f ./Core/Src/system_stm32f0xx.o
                                      0x59d30 (size before relaxing)
 .debug_str     0x000000000005eb05       0x36 ./Core/Startup/startup_stm32f030r8tx.o
                                         0x5b (size before relaxing)
 .debug_str     0x000000000005eb3b      0x43e ./Drivers/STM32F0xx_HAL_Driver/Src/stm32f0xx_hal.o
                                      0x5a23c (size before relaxing)
 .debug_str     0x000000000005ef79      0x384 ./Drivers/STM32F0xx_HAL_Driver/Src/stm32f0xx_hal_adc.o
                                      0x5a430 (size before relaxing)
 .debug_str     0x000000000005f2fd       0xa8 ./Drivers/STM32F0xx_HAL_Driver/Src/stm32f0xx_hal_adc_ex.o
                                      0x5a0e9 (size before relaxing)
 .debug_str     0x000000000005f3a5      0x1dc ./Drivers/STM32F0xx_HAL_Driver/Src/stm32f0xx_hal_cortex.o
                                      0x5a0f0 (size before relaxing)
 .debug_str     0x000000000005f581      0x14b ./Drivers/STM32F0xx_HAL_Driver/Src/stm32f0xx_hal_gpio.o
                                      0x59f0f (size before relaxing)
 .debug_str     0x000000000005f6cc      0x240 ./Drivers/STM32F0xx_HAL_Driver/Src/stm32f0xx_hal_rcc.o
                                      0x5a13a (size before relaxing)
 .debug_str     0x000000000005f90c      0x850 ./Drivers/STM32F0xx_HAL_Driver/Src/stm32f0xx_hal_uart.o
                                      0x5a9d3 (size before relaxing)

.comment        0x0000000000000000       0x53
 .comment       0x0000000000000000       0x53 ./Core/Src/1wire.o
                                         0x54 (size before relaxing)
 .comment       0x0000000000000053       0x54 ./Core/Src/main.o
 .comment       0x0000000000000053       0x54 ./Core/Src/stc.o
 .comment       0x0000000000000053       0x54 ./Core/Src/stm32f0xx_hal_msp.o
 .comment       0x0000000000000053       0x54 ./Core/Src/stm32f0xx_it.o
 .comment       0x0000000000000053       0x54 ./Core/Src/system_stm32f0xx.o
 .comment       0x0000000000000053       0x54 ./Drivers/STM32F0xx_HAL_Driver/Src/stm32f0xx_hal.o
 .comment       0x0000000000000053       0x54 ./Drivers/STM32F0xx_HAL_Driver/Src/stm32f0xx_hal_adc.o
 .comment       0x0000000000000053       0x54 ./Drivers/STM32F0xx_HAL_Driver/Src/stm32f0xx_hal_adc_ex.o
 .comment       0x0000000000000053       0x54 ./Drivers/STM32F0xx_HAL_Driver/Src/stm32f0xx_hal_cortex.o
 .comment       0x0000000000000053       0x54 ./Drivers/STM32F0xx_HAL_Driver/Src/stm32f0xx_hal_gpio.o
 .comment       0x0000000000000053       0x54 ./Drivers/STM32F0xx_HAL_Driver/Src/stm32f0xx_hal_rcc.o
 .comment       0x0000000000000053       0x54 ./Drivers/STM32F0xx_HAL_Driver/Src/stm32f0xx_hal_uart.o

.debug_frame    0x0000000000000000     0x1894
 .debug_frame   0x0000000000000000      0x170 ./Core/Src/1wire.o
 .debug_frame   0x0000000000000170       0xc8 ./Core/Src/main.o
 .debug_frame   0x0000000000000238       0x6c ./Core/Src/stc.o
 .debug_frame   0x00000000000002a4       0xb0 ./Core/Src/stm32f0xx_hal_msp.o
 .debug_frame   0x0000000000000354       0x9c ./Core/Src/stm32f0xx_it.o
 .debug_frame   0x00000000000003f0       0x4c ./Core/Src/system_stm32f0xx.o
 .debug_frame   0x000000000000043c      0x2a4 ./Drivers/STM32F0xx_HAL_Driver/Src/stm32f0xx_hal.o
 .debug_frame   0x00000000000006e0      0x3a0 ./Drivers/STM32F0xx_HAL_Driver/Src/stm32f0xx_hal_adc.o
 .debug_frame   0x0000000000000a80       0x30 ./Drivers/STM32F0xx_HAL_Driver/Src/stm32f0xx_hal_adc_ex.o
 .debug_frame   0x0000000000000ab0      0x2a0 ./Drivers/STM32F0xx_HAL_Driver/Src/stm32f0xx_hal_cortex.o
 .debug_frame   0x0000000000000d50      0x110 ./Drivers/STM32F0xx_HAL_Driver/Src/stm32f0xx_hal_gpio.o
 .debug_frame   0x0000000000000e60      0x198 ./Drivers/STM32F0xx_HAL_Driver/Src/stm32f0xx_hal_rcc.o
 .debug_frame   0x0000000000000ff8      0x810 ./Drivers/STM32F0xx_HAL_Driver/Src/stm32f0xx_hal_uart.o
 .debug_frame   0x0000000000001808       0x2c c:/appz/st/stm32cubeide_1.2.0/stm32cubeide/plugins/com.st.stm32cube.ide.mcu.externaltools.gnu-tools-for-stm32.9-2020-q2-update.win32_2.0.0.202105311346/tools/bin/../lib/gcc/arm-none-eabi/9.3.1/../../../../arm-none-eabi/lib/thumb/v6-m/nofp\libc_nano.a(lib_a-init.o)
 .debug_frame   0x0000000000001834       0x20 c:/appz/st/stm32cubeide_1.2.0/stm32cubeide/plugins/com.st.stm32cube.ide.mcu.externaltools.gnu-tools-for-stm32.9-2020-q2-update.win32_2.0.0.202105311346/tools/bin/../lib/gcc/arm-none-eabi/9.3.1/../../../../arm-none-eabi/lib/thumb/v6-m/nofp\libc_nano.a(lib_a-memset.o)
 .debug_frame   0x0000000000001854       0x20 c:/appz/st/stm32cubeide_1.2.0/stm32cubeide/plugins/com.st.stm32cube.ide.mcu.externaltools.gnu-tools-for-stm32.9-2020-q2-update.win32_2.0.0.202105311346/tools/bin/../lib/gcc/arm-none-eabi/9.3.1/thumb/v6-m/nofp\libgcc.a(_udivsi3.o)
 .debug_frame   0x0000000000001874       0x20 c:/appz/st/stm32cubeide_1.2.0/stm32cubeide/plugins/com.st.stm32cube.ide.mcu.externaltools.gnu-tools-for-stm32.9-2020-q2-update.win32_2.0.0.202105311346/tools/bin/../lib/gcc/arm-none-eabi/9.3.1/thumb/v6-m/nofp\libgcc.a(_divsi3.o)
